../Core/Src/main.c:90:19:rb_put	24	static
../Core/Src/main.c:97:19:rb_get	16	static
../Core/Src/main.c:107:6:uart_start_rx_idle	8	static
../Core/Src/main.c:111:6:HAL_UARTEx_RxEventCallback	24	static
../Core/Src/main.c:120:6:HAL_UART_ErrorCallback	16	static
../Core/Src/main.c:131:6:echo	280	static
../Core/Src/main.c:188:5:main	16	static
../Core/Src/main.c:274:6:SystemClock_Config	120	static
../Core/Src/main.c:334:13:MX_FDCAN1_Init	8	static
../Core/Src/main.c:387:13:MX_TIM13_Init	40	static
../Core/Src/main.c:433:13:MX_TIM14_Init	40	static
../Core/Src/main.c:479:13:MX_USART2_UART_Init	8	static
../Core/Src/main.c:527:13:MX_USART3_UART_Init	8	static
../Core/Src/main.c:575:13:MX_GPIO_Init	56	static
../Core/Src/main.c:619:6:Error_Handler	4	static,ignoring_inline_asm
