../Core/Src/main.c:111:19:mb_rb_put	24	static
../Core/Src/main.c:119:19:mb_rb_get	16	static
../Core/Src/main.c:129:19:uart_mb_find	24	static
../Core/Src/main.c:138:5:uart_mb_register	24	static
../Core/Src/main.c:164:6:HAL_UARTEx_RxEventCallback	24	static
../Core/Src/main.c:177:6:HAL_UART_ErrorCallback	24	static
../Core/Src/main.c:188:6:echo	32	static
../Core/Src/main.c:219:5:main	16	static
../Core/Src/main.c:306:6:SystemClock_Config	120	static
../Core/Src/main.c:366:13:MX_FDCAN1_Init	8	static
../Core/Src/main.c:419:13:MX_TIM13_Init	40	static
../Core/Src/main.c:465:13:MX_TIM14_Init	40	static
../Core/Src/main.c:511:13:MX_USART2_UART_Init	8	static
../Core/Src/main.c:559:13:MX_USART3_UART_Init	8	static
../Core/Src/main.c:607:13:MX_GPIO_Init	56	static
../Core/Src/main.c:651:6:Error_Handler	4	static,ignoring_inline_asm
