../Core/Inc/uart_mailbox.h:43:19:uart_mb_get	2
../Core/Inc/uart_mailbox.h:64:19:_mb_put	2
../Core/Inc/uart_mailbox.h:72:19:_mb_find	3
../Core/Inc/uart_mailbox.h:78:12:uart_mb_find	1
../Core/Inc/uart_mailbox.h:80:5:uart_mb_register	5
../Core/Inc/uart_mailbox.h:99:6:HAL_UARTEx_RxEventCallback	4
../Core/Inc/uart_mailbox.h:108:6:HAL_UART_ErrorCallback	2
../Core/Src/main.c:84:6:echo	2
../Core/Src/main.c:106:5:main	5
../Core/Src/main.c:193:6:SystemClock_Config	4
../Core/Src/main.c:253:13:MX_FDCAN1_Init	2
../Core/Src/main.c:306:13:MX_TIM13_Init	4
../Core/Src/main.c:352:13:MX_TIM14_Init	4
../Core/Src/main.c:398:13:MX_USART2_UART_Init	5
../Core/Src/main.c:446:13:MX_USART3_UART_Init	5
../Core/Src/main.c:494:13:MX_GPIO_Init	1
../Core/Src/main.c:538:6:Error_Handler	1
