../Core/Src/main.c:90:19:rb_put	2
../Core/Src/main.c:97:19:rb_get	2
../Core/Src/main.c:107:6:uart_start_rx_idle	1
../Core/Src/main.c:111:6:HAL_UARTEx_RxEventCallback	4
../Core/Src/main.c:120:6:HAL_UART_ErrorCallback	2
../Core/Src/main.c:131:6:echo	7
../Core/Src/main.c:188:5:main	5
../Core/Src/main.c:274:6:SystemClock_Config	4
../Core/Src/main.c:334:13:MX_FDCAN1_Init	2
../Core/Src/main.c:387:13:MX_TIM13_Init	4
../Core/Src/main.c:433:13:MX_TIM14_Init	4
../Core/Src/main.c:479:13:MX_USART2_UART_Init	5
../Core/Src/main.c:527:13:MX_USART3_UART_Init	5
../Core/Src/main.c:575:13:MX_GPIO_Init	1
../Core/Src/main.c:619:6:Error_Handler	1
