../Core/Src/main.c:135:6:Turning_SetAngle	32	static
../Core/Src/main.c:157:6:SetEscSpeed	32	static
../Core/Src/main.c:187:6:StopCarEsc	8	static
../Core/Src/main.c:193:23:dlc_to_bytes	16	static
../Core/Src/main.c:202:5:drainAndUpdateCANMessages	136	static
../Core/Src/main.c:243:13:getCANMessageByID	24	static
../Core/Src/main.c:253:6:loopPrintAllCAN	136	static
../Core/Src/main.c:286:9:readEncoder	40	static
../Core/Src/main.c:324:6:readOrientation	56	static
../Core/Src/main.c:384:6:readMotorControl	48	static
../Core/Src/main.c:441:6:readAngularVelocity	56	static
../Core/Src/main.c:491:6:readLinearAcceleration	56	static
../Core/Src/main.c:541:6:loopPrintEncoder	32	static
../Core/Src/main.c:573:6:loopPrintOrientation	56	static
../Core/Src/main.c:608:6:loopPrintMotorControl	48	static
../Core/Src/main.c:652:6:loopPrintAll	96	static
../Core/Src/main.c:731:5:main	16	static
../Core/Src/main.c:822:6:SystemClock_Config	120	static
../Core/Src/main.c:882:13:MX_FDCAN1_Init	16	static
../Core/Src/main.c:970:13:MX_TIM13_Init	40	static
../Core/Src/main.c:1016:13:MX_TIM14_Init	40	static
../Core/Src/main.c:1062:13:MX_USART2_UART_Init	8	static
../Core/Src/main.c:1110:13:MX_USART3_UART_Init	8	static
../Core/Src/main.c:1158:13:MX_GPIO_Init	56	static
../Core/Src/main.c:1202:6:Error_Handler	4	static,ignoring_inline_asm
