../Core/Src/main.c:107:23:dlc_to_bytes	16	static
../Core/Src/main.c:111:23:header_payload_len_bytes	24	static
../Core/Src/main.c:116:6:consumeCAN	80	static
../Core/Src/main.c:161:6:loopPrintAllCAN	136	static
../Core/Src/main.c:193:9:readEncoder	96	static
../Core/Src/main.c:263:6:loopPrintEncoder	32	static
../Core/Src/main.c:296:6:Turning_SetAngle	32	static
../Core/Src/main.c:318:6:SetEscSpeed	32	static
../Core/Src/main.c:348:6:StopCarEsc	8	static
../Core/Src/main.c:352:6:debugSetup	24	static
../Core/Src/main.c:370:5:main	16	static
../Core/Src/main.c:457:6:SystemClock_Config	120	static
../Core/Src/main.c:517:13:MX_FDCAN1_Init	8	static
../Core/Src/main.c:570:13:MX_TIM13_Init	40	static
../Core/Src/main.c:616:13:MX_TIM14_Init	40	static
../Core/Src/main.c:662:13:MX_USART2_UART_Init	8	static
../Core/Src/main.c:710:13:MX_USART3_UART_Init	8	static
../Core/Src/main.c:758:13:MX_GPIO_Init	56	static
../Core/Src/main.c:802:6:Error_Handler	4	static,ignoring_inline_asm
