../Core/Src/main.c:104:23:dlc_to_bytes	16	static
../Core/Src/main.c:110:23:header_payload_len_bytes	24	static
../Core/Src/main.c:115:6:consumeCAN	80	static
../Core/Src/main.c:165:6:loopPrintAllCAN	136	static
../Core/Src/main.c:197:23:le32_to_s32	24	static
../Core/Src/main.c:207:9:readEncoder	24	static
../Core/Src/main.c:231:6:loopPrintEncoder	32	static
../Core/Src/main.c:271:5:main	16	static
../Core/Src/main.c:358:6:SystemClock_Config	120	static
../Core/Src/main.c:418:13:MX_FDCAN1_Init	16	static
../Core/Src/main.c:504:13:MX_TIM13_Init	40	static
../Core/Src/main.c:550:13:MX_TIM14_Init	40	static
../Core/Src/main.c:596:13:MX_USART2_UART_Init	8	static
../Core/Src/main.c:644:13:MX_USART3_UART_Init	8	static
../Core/Src/main.c:692:13:MX_GPIO_Init	56	static
../Core/Src/main.c:736:6:Error_Handler	4	static,ignoring_inline_asm
