../Core/Src/main.c:140:6:Turning_SetAngle	32	static
../Core/Src/main.c:162:6:SetEscSpeed	32	static
../Core/Src/main.c:192:6:StopCarEsc	8	static
../Core/Src/main.c:196:6:debugLoop	16	static
../Core/Src/main.c:208:23:dlc_to_bytes	16	static
../Core/Src/main.c:217:5:drainAndUpdateCANMessages	136	static
../Core/Src/main.c:258:13:getCANMessageByID	24	static
../Core/Src/main.c:268:6:loopPrintAllCAN	136	static
../Core/Src/main.c:301:9:readEncoder	40	static
../Core/Src/main.c:339:6:readOrientation	56	static
../Core/Src/main.c:399:6:readMotorControl	48	static
../Core/Src/main.c:456:6:readAngularVelocity	56	static
../Core/Src/main.c:506:6:readLinearAcceleration	56	static
../Core/Src/main.c:556:6:loopPrintEncoder	32	static
../Core/Src/main.c:588:6:loopPrintOrientation	56	static
../Core/Src/main.c:623:6:loopPrintUnwrapped	64	static
../Core/Src/main.c:681:6:loopPrintMotorControl	48	static
../Core/Src/main.c:725:6:loopPrintAll	96	static
../Core/Src/main.c:799:6:ledOn	8	static
../Core/Src/main.c:804:6:ledOff	8	static
../Core/Src/main.c:809:6:setSteering	8	static
../Core/Src/main.c:814:6:unsetSteering	8	static
../Core/Src/main.c:819:6:loopTurnTo	120	static
../Core/Src/main.c:923:6:waypointLoop	216	dynamic
../Core/Src/main.c:1021:5:main	16	static
../Core/Src/main.c:1118:6:SystemClock_Config	120	static
../Core/Src/main.c:1178:13:MX_FDCAN1_Init	16	static
../Core/Src/main.c:1266:13:MX_TIM13_Init	40	static
../Core/Src/main.c:1312:13:MX_TIM14_Init	40	static
../Core/Src/main.c:1358:13:MX_USART2_UART_Init	8	static
../Core/Src/main.c:1406:13:MX_USART3_UART_Init	8	static
../Core/Src/main.c:1454:13:MX_GPIO_Init	56	static
../Core/Src/main.c:1509:6:Error_Handler	4	static,ignoring_inline_asm
