../Core/Src/main.c:154:6:Turning_SetAngle	32	static
../Core/Src/main.c:176:6:SetEscSpeed	32	static
../Core/Src/main.c:206:6:StopCarEsc	8	static
../Core/Src/main.c:210:6:debugLoop	16	static
../Core/Src/main.c:222:23:dlc_to_bytes	16	static
../Core/Src/main.c:231:5:drainAndUpdateCANMessages	136	static
../Core/Src/main.c:272:13:getCANMessageByID	24	static
../Core/Src/main.c:282:6:loopPrintAllCAN	136	static
../Core/Src/main.c:315:9:readEncoder	40	static
../Core/Src/main.c:353:6:readOrientation	56	static
../Core/Src/main.c:413:6:readMotorControl	48	static
../Core/Src/main.c:470:6:readAngularVelocity	56	static
../Core/Src/main.c:520:6:readLinearAcceleration	56	static
../Core/Src/main.c:570:6:readPseudoGPS	56	static
../Core/Src/main.c:625:6:loopPrintEncoder	32	static
../Core/Src/main.c:657:6:loopPrintOrientation	56	static
../Core/Src/main.c:692:6:loopPrintPseudoGPS	56	static
../Core/Src/main.c:727:6:loopPrintUnwrapped	64	static
../Core/Src/main.c:785:6:loopPrintMotorControl	48	static
../Core/Src/main.c:829:6:loopPrintAll	112	static
../Core/Src/main.c:911:6:ledOn	8	static
../Core/Src/main.c:916:6:ledOff	8	static
../Core/Src/main.c:921:6:setSteering	8	static
../Core/Src/main.c:926:6:unsetSteering	8	static
../Core/Src/main.c:931:6:loopTurnTo	120	static
../Core/Src/main.c:1035:6:waypointLoop	208	dynamic
../Core/Src/main.c:1129:6:waypoint2DLoop	280	static
../Core/Src/main.c:1225:5:main	16	static
../Core/Src/main.c:1324:6:SystemClock_Config	120	static
../Core/Src/main.c:1384:13:MX_FDCAN1_Init	16	static
../Core/Src/main.c:1472:13:MX_TIM13_Init	40	static
../Core/Src/main.c:1518:13:MX_TIM14_Init	40	static
../Core/Src/main.c:1564:13:MX_USART2_UART_Init	8	static
../Core/Src/main.c:1612:13:MX_USART3_UART_Init	8	static
../Core/Src/main.c:1660:13:MX_GPIO_Init	56	static
../Core/Src/main.c:1715:6:Error_Handler	4	static,ignoring_inline_asm
