../Core/Src/main.c:146:6:Turning_SetAngle	32	static
../Core/Src/main.c:168:6:SetEscSpeed	32	static
../Core/Src/main.c:198:6:StopCarEsc	8	static
../Core/Src/main.c:202:6:debugLoop	16	static
../Core/Src/main.c:214:23:dlc_to_bytes	16	static
../Core/Src/main.c:223:5:drainAndUpdateCANMessages	136	static
../Core/Src/main.c:264:13:getCANMessageByID	24	static
../Core/Src/main.c:274:6:loopPrintAllCAN	136	static
../Core/Src/main.c:307:9:readEncoder	40	static
../Core/Src/main.c:345:6:readOrientation	56	static
../Core/Src/main.c:405:6:readMotorControl	48	static
../Core/Src/main.c:462:6:readAngularVelocity	56	static
../Core/Src/main.c:512:6:readLinearAcceleration	56	static
../Core/Src/main.c:562:6:readPseudoGPS	56	static
../Core/Src/main.c:617:6:loopPrintEncoder	32	static
../Core/Src/main.c:649:6:loopPrintOrientation	56	static
../Core/Src/main.c:684:6:loopPrintPseudoGPS	56	static
../Core/Src/main.c:719:6:loopPrintUnwrapped	64	static
../Core/Src/main.c:777:6:loopPrintMotorControl	48	static
../Core/Src/main.c:821:6:loopPrintAll	112	static
../Core/Src/main.c:903:6:ledOn	8	static
../Core/Src/main.c:908:6:ledOff	8	static
../Core/Src/main.c:913:6:setSteering	8	static
../Core/Src/main.c:918:6:unsetSteering	8	static
../Core/Src/main.c:923:6:loopTurnTo	120	static
../Core/Src/main.c:1027:6:waypointLoop	208	dynamic
../Core/Src/main.c:1125:5:main	16	static
../Core/Src/main.c:1223:6:SystemClock_Config	120	static
../Core/Src/main.c:1283:13:MX_FDCAN1_Init	16	static
../Core/Src/main.c:1371:13:MX_TIM13_Init	40	static
../Core/Src/main.c:1417:13:MX_TIM14_Init	40	static
../Core/Src/main.c:1463:13:MX_USART2_UART_Init	8	static
../Core/Src/main.c:1511:13:MX_USART3_UART_Init	8	static
../Core/Src/main.c:1559:13:MX_GPIO_Init	56	static
../Core/Src/main.c:1614:6:Error_Handler	4	static,ignoring_inline_asm
