../Core/Src/main.c:121:6:Turning_SetAngle	32	static
../Core/Src/main.c:143:6:SetEscSpeed	32	static
../Core/Src/main.c:173:6:StopCarEsc	8	static
../Core/Src/main.c:179:23:dlc_to_bytes	16	static
../Core/Src/main.c:188:5:drainAndUpdateCANMessages	136	static
../Core/Src/main.c:229:13:getCANMessageByID	24	static
../Core/Src/main.c:239:6:loopPrintAllCAN	136	static
../Core/Src/main.c:272:9:readEncoder	40	static
../Core/Src/main.c:310:6:readOrientation	56	static
../Core/Src/main.c:370:6:readMotorControl	48	static
../Core/Src/main.c:427:6:loopPrintEncoder	32	static
../Core/Src/main.c:459:6:loopPrintOrientation	56	static
../Core/Src/main.c:494:6:loopPrintMotorControl	48	static
../Core/Src/main.c:538:6:loopPrintAll	72	static
../Core/Src/main.c:601:5:main	16	static
../Core/Src/main.c:692:6:SystemClock_Config	120	static
../Core/Src/main.c:752:13:MX_FDCAN1_Init	16	static
../Core/Src/main.c:840:13:MX_TIM13_Init	40	static
../Core/Src/main.c:886:13:MX_TIM14_Init	40	static
../Core/Src/main.c:932:13:MX_USART2_UART_Init	8	static
../Core/Src/main.c:980:13:MX_USART3_UART_Init	8	static
../Core/Src/main.c:1028:13:MX_GPIO_Init	56	static
../Core/Src/main.c:1072:6:Error_Handler	4	static,ignoring_inline_asm
