../Core/Src/main.c:81:9:readEncoder	96	static
../Core/Src/main.c:152:6:Turning_SetAngle	32	static
../Core/Src/main.c:175:6:SetEscSpeed	32	static
../Core/Src/main.c:206:6:StopCarEsc	8	static
../Core/Src/main.c:211:6:encoderTest	56	static
../Core/Src/main.c:251:6:goDistance	48	static
../Core/Src/main.c:301:6:goDistanceP	80	static
../Core/Src/main.c:361:6:debugSetup	16	static
../Core/Src/main.c:372:6:echoTest	16	static
../Core/Src/main.c:381:6:dualEchoTest	16	static
../Core/Src/main.c:400:6:serialPrint	16	static
../Core/Src/main.c:406:6:serialPrintln	16	static
../Core/Src/main.c:412:6:serialRead	16	static
../Core/Src/main.c:421:6:decodeDirection	24	static
../Core/Src/main.c:437:6:decodeSpeedChar	24	static
../Core/Src/main.c:445:6:controlLoop	120	static
../Core/Src/main.c:481:5:main	16	static
../Core/Src/main.c:568:6:SystemClock_Config	120	static
../Core/Src/main.c:628:13:MX_FDCAN1_Init	16	static
../Core/Src/main.c:717:13:MX_TIM13_Init	40	static
../Core/Src/main.c:763:13:MX_TIM14_Init	40	static
../Core/Src/main.c:809:13:MX_USART2_UART_Init	8	static
../Core/Src/main.c:857:13:MX_USART3_UART_Init	8	static
../Core/Src/main.c:905:13:MX_GPIO_Init	56	static
../Core/Src/main.c:949:6:Error_Handler	4	static,ignoring_inline_asm
