../Core/Inc/uart_mailbox.h:43:19:uart_mb_get	16	static
../Core/Inc/uart_mailbox.h:52:19:uart_mb_get_any	24	static
../Core/Inc/uart_mailbox.h:69:19:uart_mb_send_all	40	static
../Core/Inc/uart_mailbox.h:105:19:_mb_put	24	static
../Core/Inc/uart_mailbox.h:113:19:_mb_find	24	static
../Core/Inc/uart_mailbox.h:119:12:uart_mb_find	16	static
../Core/Inc/uart_mailbox.h:121:5:uart_mb_register	24	static
../Core/Inc/uart_mailbox.h:140:6:HAL_UARTEx_RxEventCallback	24	static
../Core/Inc/uart_mailbox.h:149:6:HAL_UART_ErrorCallback	24	static
../Core/Src/main.c:83:6:loopPrintAllCAN	72	static
../Core/Src/main.c:119:9:readEncoder	96	static
../Core/Src/main.c:189:6:loopPrintEncoder	32	static
../Core/Src/main.c:222:6:Turning_SetAngle	32	static
../Core/Src/main.c:244:6:SetEscSpeed	32	static
../Core/Src/main.c:274:6:StopCarEsc	8	static
../Core/Src/main.c:278:6:debugSetup	24	static
../Core/Src/main.c:292:6:goDistance	48	static
../Core/Src/main.c:342:6:goDistanceP	80	static
../Core/Src/main.c:402:7:pidDistance	48	static
../Core/Src/main.c:439:6:goDistancePID_live	320	static
../Core/Src/main.c:554:6:decodeDirection	24	static
../Core/Src/main.c:570:6:decodeSpeedChar	24	static
../Core/Src/main.c:578:6:controlLoop	120	static
../Core/Src/main.c:610:6:echo	32	static
../Core/Src/main.c:623:6:echo_all	16	static
../Core/Src/main.c:639:5:main	16	static
../Core/Src/main.c:723:6:SystemClock_Config	120	static
../Core/Src/main.c:783:13:MX_FDCAN1_Init	16	static
../Core/Src/main.c:872:13:MX_TIM13_Init	40	static
../Core/Src/main.c:918:13:MX_TIM14_Init	40	static
../Core/Src/main.c:964:13:MX_USART2_UART_Init	8	static
../Core/Src/main.c:1012:13:MX_USART3_UART_Init	8	static
../Core/Src/main.c:1060:13:MX_GPIO_Init	56	static
../Core/Src/main.c:1104:6:Error_Handler	4	static,ignoring_inline_asm
